Archive member included to satisfy reference by file (symbol)

c:/program files (x86)/atmel/studio/7.0/toolchain/avr8/avr8-gnu-toolchain/bin/../lib/gcc/avr/5.4.0/avr5\libgcc.a(_udivmodhi4.o)
                              RTOS/RTOS_program.o (__udivmodhi4)
c:/program files (x86)/atmel/studio/7.0/toolchain/avr8/avr8-gnu-toolchain/bin/../lib/gcc/avr/5.4.0/avr5\libgcc.a(_exit.o)
                              C:/Program Files (x86)/Atmel/Studio/7.0/Packs/atmel/ATmega_DFP/1.7.374/gcc/dev/atmega32/avr5/crtatmega32.o (exit)
c:/program files (x86)/atmel/studio/7.0/toolchain/avr8/avr8-gnu-toolchain/bin/../lib/gcc/avr/5.4.0/avr5\libgcc.a(_copy_data.o)
                              HAL/keypad/keypad.o (__do_copy_data)
c:/program files (x86)/atmel/studio/7.0/toolchain/avr8/avr8-gnu-toolchain/bin/../lib/gcc/avr/5.4.0/avr5\libgcc.a(_clear_bss.o)
                              HAL/ICU/ICU.o (__do_clear_bss)

Allocating common symbols
Common symbol       size              file

ADC_ISR_Source      0x1               MCAL/ADC/ADC.o

Discarded input sections

 .data          0x00000000        0x0 C:/Program Files (x86)/Atmel/Studio/7.0/Packs/atmel/ATmega_DFP/1.7.374/gcc/dev/atmega32/avr5/crtatmega32.o
 .bss           0x00000000        0x0 C:/Program Files (x86)/Atmel/Studio/7.0/Packs/atmel/ATmega_DFP/1.7.374/gcc/dev/atmega32/avr5/crtatmega32.o
 .text          0x00000000        0x0 Comm/I2C/I2C.o
 .data          0x00000000        0x0 Comm/I2C/I2C.o
 .bss           0x00000000        0x0 Comm/I2C/I2C.o
 .text.TWI_voidInitMaster
                0x00000000       0x2c Comm/I2C/I2C.o
 .text.TWI_voidInitSlave
                0x00000000       0x12 Comm/I2C/I2C.o
 .text.TWI_SendStartCondition
                0x00000000       0x22 Comm/I2C/I2C.o
 .text.TWI_SendRepeatedStart
                0x00000000       0x22 Comm/I2C/I2C.o
 .text.TWI_SendSlaveAddressWithWrite
                0x00000000       0x2c Comm/I2C/I2C.o
 .text.TWI_SendSlaveAddressWithRead
                0x00000000       0x2c Comm/I2C/I2C.o
 .text.TWI_MasterWriteDataByte
                0x00000000       0x1e Comm/I2C/I2C.o
 .text.TWI_MasterReadDataByte
                0x00000000       0x22 Comm/I2C/I2C.o
 .text.TWI_SendStopCondition
                0x00000000        0xe Comm/I2C/I2C.o
 .debug_info    0x00000000      0x25f Comm/I2C/I2C.o
 .debug_abbrev  0x00000000       0xe0 Comm/I2C/I2C.o
 .debug_loc     0x00000000      0x1b3 Comm/I2C/I2C.o
 .debug_aranges
                0x00000000       0x60 Comm/I2C/I2C.o
 .debug_ranges  0x00000000       0x50 Comm/I2C/I2C.o
 .debug_line    0x00000000      0x271 Comm/I2C/I2C.o
 .debug_str     0x00000000      0x2ea Comm/I2C/I2C.o
 .comment       0x00000000       0x31 Comm/I2C/I2C.o
 .debug_frame   0x00000000       0xa4 Comm/I2C/I2C.o
 .text          0x00000000        0x0 Comm/Spi/SPI.o
 .data          0x00000000        0x0 Comm/Spi/SPI.o
 .bss           0x00000000        0x0 Comm/Spi/SPI.o
 .text.Spi_MASTERInit
                0x00000000       0x1a Comm/Spi/SPI.o
 .text.Spi_SlaveInit
                0x00000000        0xe Comm/Spi/SPI.o
 .text.Spi_MasterSendData
                0x00000000        0xa Comm/Spi/SPI.o
 .text.Spi_Transceive
                0x00000000        0xa Comm/Spi/SPI.o
 .text.Spi_Transceive_word
                0x00000000       0x20 Comm/Spi/SPI.o
 .debug_info    0x00000000      0x133 Comm/Spi/SPI.o
 .debug_abbrev  0x00000000       0xc5 Comm/Spi/SPI.o
 .debug_loc     0x00000000       0x96 Comm/Spi/SPI.o
 .debug_aranges
                0x00000000       0x40 Comm/Spi/SPI.o
 .debug_ranges  0x00000000       0x30 Comm/Spi/SPI.o
 .debug_line    0x00000000      0x12e Comm/Spi/SPI.o
 .debug_str     0x00000000      0x19e Comm/Spi/SPI.o
 .comment       0x00000000       0x31 Comm/Spi/SPI.o
 .debug_frame   0x00000000       0x6c Comm/Spi/SPI.o
 .text          0x00000000        0x0 Comm/UART/UART.o
 .data          0x00000000        0x0 Comm/UART/UART.o
 .bss           0x00000000        0x0 Comm/UART/UART.o
 .text.UART_init
                0x00000000       0x24 Comm/UART/UART.o
 .text.UART_SendData
                0x00000000        0x8 Comm/UART/UART.o
 .text.UART_ReceivedData
                0x00000000        0x8 Comm/UART/UART.o
 .debug_info    0x00000000       0xc7 Comm/UART/UART.o
 .debug_abbrev  0x00000000       0xa1 Comm/UART/UART.o
 .debug_aranges
                0x00000000       0x30 Comm/UART/UART.o
 .debug_ranges  0x00000000       0x20 Comm/UART/UART.o
 .debug_line    0x00000000       0xd5 Comm/UART/UART.o
 .debug_str     0x00000000      0x181 Comm/UART/UART.o
 .comment       0x00000000       0x31 Comm/UART/UART.o
 .debug_frame   0x00000000       0x44 Comm/UART/UART.o
 .text          0x00000000        0x0 HAL/Button/Button.o
 .data          0x00000000        0x0 HAL/Button/Button.o
 .bss           0x00000000        0x0 HAL/Button/Button.o
 .text          0x00000000        0x0 HAL/EEPROM/EEPROM.o
 .data          0x00000000        0x0 HAL/EEPROM/EEPROM.o
 .bss           0x00000000        0x0 HAL/EEPROM/EEPROM.o
 .text.EEPROM_Write
                0x00000000       0x30 HAL/EEPROM/EEPROM.o
 .text.EEPROM_Read
                0x00000000       0x38 HAL/EEPROM/EEPROM.o
 .debug_info    0x00000000      0x210 HAL/EEPROM/EEPROM.o
 .debug_abbrev  0x00000000      0x104 HAL/EEPROM/EEPROM.o
 .debug_loc     0x00000000      0x10f HAL/EEPROM/EEPROM.o
 .debug_aranges
                0x00000000       0x28 HAL/EEPROM/EEPROM.o
 .debug_ranges  0x00000000       0x18 HAL/EEPROM/EEPROM.o
 .debug_line    0x00000000      0x10a HAL/EEPROM/EEPROM.o
 .debug_str     0x00000000      0x236 HAL/EEPROM/EEPROM.o
 .comment       0x00000000       0x31 HAL/EEPROM/EEPROM.o
 .debug_frame   0x00000000       0x58 HAL/EEPROM/EEPROM.o
 .text          0x00000000        0x0 HAL/ICU/ICU.o
 .data          0x00000000        0x0 HAL/ICU/ICU.o
 .bss           0x00000000        0x0 HAL/ICU/ICU.o
 .text.ICU_INIT
                0x00000000       0x14 HAL/ICU/ICU.o
 .text.ICU_set_EdgeType
                0x00000000       0x18 HAL/ICU/ICU.o
 .text.ICU_get_inputCap
                0x00000000        0x6 HAL/ICU/ICU.o
 .text.ICU_clear_timer
                0x00000000        0x6 HAL/ICU/ICU.o
 .text.set_CallBackFun_ICU
                0x00000000        0xe HAL/ICU/ICU.o
 .text.ISR      0x00000000       0x1a HAL/ICU/ICU.o
 .bss.pf        0x00000000        0x2 HAL/ICU/ICU.o
 .debug_info    0x00000000      0x160 HAL/ICU/ICU.o
 .debug_abbrev  0x00000000       0xe9 HAL/ICU/ICU.o
 .debug_loc     0x00000000       0x60 HAL/ICU/ICU.o
 .debug_aranges
                0x00000000       0x48 HAL/ICU/ICU.o
 .debug_ranges  0x00000000       0x38 HAL/ICU/ICU.o
 .debug_line    0x00000000      0x112 HAL/ICU/ICU.o
 .debug_str     0x00000000      0x1bd HAL/ICU/ICU.o
 .comment       0x00000000       0x31 HAL/ICU/ICU.o
 .debug_frame   0x00000000       0x74 HAL/ICU/ICU.o
 .text          0x00000000        0x0 HAL/keypad/keypad.o
 .data          0x00000000        0x0 HAL/keypad/keypad.o
 .bss           0x00000000        0x0 HAL/keypad/keypad.o
 .text.keypad_init
                0x00000000       0x14 HAL/keypad/keypad.o
 .text.keypad_scan
                0x00000000       0x8a HAL/keypad/keypad.o
 .data.keypadmap
                0x00000000       0x10 HAL/keypad/keypad.o
 .data.colpins  0x00000000        0x4 HAL/keypad/keypad.o
 .data.rowpins  0x00000000        0x4 HAL/keypad/keypad.o
 .debug_info    0x00000000      0x10f HAL/keypad/keypad.o
 .debug_abbrev  0x00000000       0x9b HAL/keypad/keypad.o
 .debug_loc     0x00000000       0x8c HAL/keypad/keypad.o
 .debug_aranges
                0x00000000       0x28 HAL/keypad/keypad.o
 .debug_ranges  0x00000000       0x18 HAL/keypad/keypad.o
 .debug_line    0x00000000       0xfd HAL/keypad/keypad.o
 .debug_str     0x00000000      0x181 HAL/keypad/keypad.o
 .comment       0x00000000       0x31 HAL/keypad/keypad.o
 .debug_frame   0x00000000       0x3c HAL/keypad/keypad.o
 .text          0x00000000        0x0 HAL/SSG/SevenSEG.o
 .data          0x00000000        0x0 HAL/SSG/SevenSEG.o
 .bss           0x00000000        0x0 HAL/SSG/SevenSEG.o
 .text          0x00000000        0x0 main.o
 .data          0x00000000        0x0 main.o
 .bss           0x00000000        0x0 main.o
 .text          0x00000000        0x0 MCAL/ADC/ADC.o
 .data          0x00000000        0x0 MCAL/ADC/ADC.o
 .bss           0x00000000        0x0 MCAL/ADC/ADC.o
 .text.ADC_init
                0x00000000       0x26 MCAL/ADC/ADC.o
 .text.ADC_Start_Conversion
                0x00000000       0x20 MCAL/ADC/ADC.o
 .text.ADC_Start_Conversion_SYN
                0x00000000       0x42 MCAL/ADC/ADC.o
 .text.ADC_Start_Conversion_ASYN
                0x00000000       0x58 MCAL/ADC/ADC.o
 .text.ADC_Start_Chain_Conversion_ASYN
                0x00000000       0x9c MCAL/ADC/ADC.o
 .text          0x00000000        0x0 MCAL/DIO/DIO.o
 .data          0x00000000        0x0 MCAL/DIO/DIO.o
 .bss           0x00000000        0x0 MCAL/DIO/DIO.o
 .text.DIO_set_port_direction
                0x00000000       0x52 MCAL/DIO/DIO.o
 .text.DIO_set_port_data
                0x00000000       0x52 MCAL/DIO/DIO.o
 .text.DIO_set_port_char
                0x00000000       0x24 MCAL/DIO/DIO.o
 .text.DIO_set_port_dir
                0x00000000       0x24 MCAL/DIO/DIO.o
 .text          0x00000000        0x0 MCAL/EXTI/Interrupt.o
 .data          0x00000000        0x0 MCAL/EXTI/Interrupt.o
 .bss           0x00000000        0x0 MCAL/EXTI/Interrupt.o
 .text.global_inti_Enable
                0x00000000        0x8 MCAL/EXTI/Interrupt.o
 .text.EXT0_Interrupt_enable
                0x00000000       0x1a MCAL/EXTI/Interrupt.o
 .debug_info    0x00000000       0x89 MCAL/EXTI/Interrupt.o
 .debug_abbrev  0x00000000       0x4f MCAL/EXTI/Interrupt.o
 .debug_aranges
                0x00000000       0x28 MCAL/EXTI/Interrupt.o
 .debug_ranges  0x00000000       0x18 MCAL/EXTI/Interrupt.o
 .debug_line    0x00000000       0xa0 MCAL/EXTI/Interrupt.o
 .debug_str     0x00000000      0x171 MCAL/EXTI/Interrupt.o
 .comment       0x00000000       0x31 MCAL/EXTI/Interrupt.o
 .debug_frame   0x00000000       0x34 MCAL/EXTI/Interrupt.o
 .text          0x00000000        0x0 MCAL/Timer/Timer.o
 .data          0x00000000        0x0 MCAL/Timer/Timer.o
 .bss           0x00000000        0x0 MCAL/Timer/Timer.o
 .text.Timer0_init
                0x00000000       0x24 MCAL/Timer/Timer.o
 .text.timer0_start_Preload
                0x00000000        0x4 MCAL/Timer/Timer.o
 .text.Timer_stop
                0x00000000        0x4 MCAL/Timer/Timer.o
 .text.timer0_Get_busywait
                0x00000000        0xe MCAL/Timer/Timer.o
 .text.timer0_setCallBack
                0x00000000       0x14 MCAL/Timer/Timer.o
 .text.timer0_ComparaMatch_setCallBack
                0x00000000        0xc MCAL/Timer/Timer.o
 .text.Timer1_init
                0x00000000       0x48 MCAL/Timer/Timer.o
 .text.Timer1_voidSetChannelACompValue
                0x00000000        0x6 MCAL/Timer/Timer.o
 .text          0x00000000        0x0 RTOS/RTOS_program.o
 .data          0x00000000        0x0 RTOS/RTOS_program.o
 .bss           0x00000000        0x0 RTOS/RTOS_program.o
 .text.voidScheduler
                0x00000000       0x62 RTOS/RTOS_program.o
 .text.RTOS_voidStart
                0x00000000       0x12 RTOS/RTOS_program.o
 .text.RTOS_voidCreateTask
                0x00000000       0x1a RTOS/RTOS_program.o
 .bss.local_u16TickCounter.1642
                0x00000000        0x2 RTOS/RTOS_program.o
 .bss.SystemTasks
                0x00000000        0xc RTOS/RTOS_program.o
 .debug_info    0x00000000      0x1c2 RTOS/RTOS_program.o
 .debug_abbrev  0x00000000      0x11f RTOS/RTOS_program.o
 .debug_loc     0x00000000       0x57 RTOS/RTOS_program.o
 .debug_aranges
                0x00000000       0x30 RTOS/RTOS_program.o
 .debug_ranges  0x00000000       0x20 RTOS/RTOS_program.o
 .debug_line    0x00000000      0x137 RTOS/RTOS_program.o
 .debug_str     0x00000000      0x24b RTOS/RTOS_program.o
 .comment       0x00000000       0x31 RTOS/RTOS_program.o
 .debug_frame   0x00000000       0x4c RTOS/RTOS_program.o
 .text          0x00000000        0x0 TIMSU/TMU_program.o
 .data          0x00000000        0x0 TIMSU/TMU_program.o
 .bss           0x00000000        0x0 TIMSU/TMU_program.o
 .text.TMU_StartScheduler
                0x00000000        0x4 TIMSU/TMU_program.o
 .text          0x00000000        0x0 c:/program files (x86)/atmel/studio/7.0/toolchain/avr8/avr8-gnu-toolchain/bin/../lib/gcc/avr/5.4.0/avr5\libgcc.a(_udivmodhi4.o)
 .data          0x00000000        0x0 c:/program files (x86)/atmel/studio/7.0/toolchain/avr8/avr8-gnu-toolchain/bin/../lib/gcc/avr/5.4.0/avr5\libgcc.a(_udivmodhi4.o)
 .bss           0x00000000        0x0 c:/program files (x86)/atmel/studio/7.0/toolchain/avr8/avr8-gnu-toolchain/bin/../lib/gcc/avr/5.4.0/avr5\libgcc.a(_udivmodhi4.o)
 .text.libgcc.mul
                0x00000000        0x0 c:/program files (x86)/atmel/studio/7.0/toolchain/avr8/avr8-gnu-toolchain/bin/../lib/gcc/avr/5.4.0/avr5\libgcc.a(_udivmodhi4.o)
 .text.libgcc   0x00000000        0x0 c:/program files (x86)/atmel/studio/7.0/toolchain/avr8/avr8-gnu-toolchain/bin/../lib/gcc/avr/5.4.0/avr5\libgcc.a(_udivmodhi4.o)
 .text.libgcc.prologue
                0x00000000        0x0 c:/program files (x86)/atmel/studio/7.0/toolchain/avr8/avr8-gnu-toolchain/bin/../lib/gcc/avr/5.4.0/avr5\libgcc.a(_udivmodhi4.o)
 .text.libgcc.builtins
                0x00000000        0x0 c:/program files (x86)/atmel/studio/7.0/toolchain/avr8/avr8-gnu-toolchain/bin/../lib/gcc/avr/5.4.0/avr5\libgcc.a(_udivmodhi4.o)
 .text.libgcc.fmul
                0x00000000        0x0 c:/program files (x86)/atmel/studio/7.0/toolchain/avr8/avr8-gnu-toolchain/bin/../lib/gcc/avr/5.4.0/avr5\libgcc.a(_udivmodhi4.o)
 .text.libgcc.fixed
                0x00000000        0x0 c:/program files (x86)/atmel/studio/7.0/toolchain/avr8/avr8-gnu-toolchain/bin/../lib/gcc/avr/5.4.0/avr5\libgcc.a(_udivmodhi4.o)
 .text          0x00000000        0x0 c:/program files (x86)/atmel/studio/7.0/toolchain/avr8/avr8-gnu-toolchain/bin/../lib/gcc/avr/5.4.0/avr5\libgcc.a(_exit.o)
 .data          0x00000000        0x0 c:/program files (x86)/atmel/studio/7.0/toolchain/avr8/avr8-gnu-toolchain/bin/../lib/gcc/avr/5.4.0/avr5\libgcc.a(_exit.o)
 .bss           0x00000000        0x0 c:/program files (x86)/atmel/studio/7.0/toolchain/avr8/avr8-gnu-toolchain/bin/../lib/gcc/avr/5.4.0/avr5\libgcc.a(_exit.o)
 .text.libgcc.mul
                0x00000000        0x0 c:/program files (x86)/atmel/studio/7.0/toolchain/avr8/avr8-gnu-toolchain/bin/../lib/gcc/avr/5.4.0/avr5\libgcc.a(_exit.o)
 .text.libgcc.div
                0x00000000        0x0 c:/program files (x86)/atmel/studio/7.0/toolchain/avr8/avr8-gnu-toolchain/bin/../lib/gcc/avr/5.4.0/avr5\libgcc.a(_exit.o)
 .text.libgcc   0x00000000        0x0 c:/program files (x86)/atmel/studio/7.0/toolchain/avr8/avr8-gnu-toolchain/bin/../lib/gcc/avr/5.4.0/avr5\libgcc.a(_exit.o)
 .text.libgcc.prologue
                0x00000000        0x0 c:/program files (x86)/atmel/studio/7.0/toolchain/avr8/avr8-gnu-toolchain/bin/../lib/gcc/avr/5.4.0/avr5\libgcc.a(_exit.o)
 .text.libgcc.builtins
                0x00000000        0x0 c:/program files (x86)/atmel/studio/7.0/toolchain/avr8/avr8-gnu-toolchain/bin/../lib/gcc/avr/5.4.0/avr5\libgcc.a(_exit.o)
 .text.libgcc.fmul
                0x00000000        0x0 c:/program files (x86)/atmel/studio/7.0/toolchain/avr8/avr8-gnu-toolchain/bin/../lib/gcc/avr/5.4.0/avr5\libgcc.a(_exit.o)
 .text.libgcc.fixed
                0x00000000        0x0 c:/program files (x86)/atmel/studio/7.0/toolchain/avr8/avr8-gnu-toolchain/bin/../lib/gcc/avr/5.4.0/avr5\libgcc.a(_exit.o)
 .text          0x00000000        0x0 c:/program files (x86)/atmel/studio/7.0/toolchain/avr8/avr8-gnu-toolchain/bin/../lib/gcc/avr/5.4.0/avr5\libgcc.a(_copy_data.o)
 .data          0x00000000        0x0 c:/program files (x86)/atmel/studio/7.0/toolchain/avr8/avr8-gnu-toolchain/bin/../lib/gcc/avr/5.4.0/avr5\libgcc.a(_copy_data.o)
 .bss           0x00000000        0x0 c:/program files (x86)/atmel/studio/7.0/toolchain/avr8/avr8-gnu-toolchain/bin/../lib/gcc/avr/5.4.0/avr5\libgcc.a(_copy_data.o)
 .text.libgcc.mul
                0x00000000        0x0 c:/program files (x86)/atmel/studio/7.0/toolchain/avr8/avr8-gnu-toolchain/bin/../lib/gcc/avr/5.4.0/avr5\libgcc.a(_copy_data.o)
 .text.libgcc.div
                0x00000000        0x0 c:/program files (x86)/atmel/studio/7.0/toolchain/avr8/avr8-gnu-toolchain/bin/../lib/gcc/avr/5.4.0/avr5\libgcc.a(_copy_data.o)
 .text.libgcc   0x00000000        0x0 c:/program files (x86)/atmel/studio/7.0/toolchain/avr8/avr8-gnu-toolchain/bin/../lib/gcc/avr/5.4.0/avr5\libgcc.a(_copy_data.o)
 .text.libgcc.prologue
                0x00000000        0x0 c:/program files (x86)/atmel/studio/7.0/toolchain/avr8/avr8-gnu-toolchain/bin/../lib/gcc/avr/5.4.0/avr5\libgcc.a(_copy_data.o)
 .text.libgcc.builtins
                0x00000000        0x0 c:/program files (x86)/atmel/studio/7.0/toolchain/avr8/avr8-gnu-toolchain/bin/../lib/gcc/avr/5.4.0/avr5\libgcc.a(_copy_data.o)
 .text.libgcc.fmul
                0x00000000        0x0 c:/program files (x86)/atmel/studio/7.0/toolchain/avr8/avr8-gnu-toolchain/bin/../lib/gcc/avr/5.4.0/avr5\libgcc.a(_copy_data.o)
 .text.libgcc.fixed
                0x00000000        0x0 c:/program files (x86)/atmel/studio/7.0/toolchain/avr8/avr8-gnu-toolchain/bin/../lib/gcc/avr/5.4.0/avr5\libgcc.a(_copy_data.o)
 .text          0x00000000        0x0 c:/program files (x86)/atmel/studio/7.0/toolchain/avr8/avr8-gnu-toolchain/bin/../lib/gcc/avr/5.4.0/avr5\libgcc.a(_clear_bss.o)
 .data          0x00000000        0x0 c:/program files (x86)/atmel/studio/7.0/toolchain/avr8/avr8-gnu-toolchain/bin/../lib/gcc/avr/5.4.0/avr5\libgcc.a(_clear_bss.o)
 .bss           0x00000000        0x0 c:/program files (x86)/atmel/studio/7.0/toolchain/avr8/avr8-gnu-toolchain/bin/../lib/gcc/avr/5.4.0/avr5\libgcc.a(_clear_bss.o)
 .text.libgcc.mul
                0x00000000        0x0 c:/program files (x86)/atmel/studio/7.0/toolchain/avr8/avr8-gnu-toolchain/bin/../lib/gcc/avr/5.4.0/avr5\libgcc.a(_clear_bss.o)
 .text.libgcc.div
                0x00000000        0x0 c:/program files (x86)/atmel/studio/7.0/toolchain/avr8/avr8-gnu-toolchain/bin/../lib/gcc/avr/5.4.0/avr5\libgcc.a(_clear_bss.o)
 .text.libgcc   0x00000000        0x0 c:/program files (x86)/atmel/studio/7.0/toolchain/avr8/avr8-gnu-toolchain/bin/../lib/gcc/avr/5.4.0/avr5\libgcc.a(_clear_bss.o)
 .text.libgcc.prologue
                0x00000000        0x0 c:/program files (x86)/atmel/studio/7.0/toolchain/avr8/avr8-gnu-toolchain/bin/../lib/gcc/avr/5.4.0/avr5\libgcc.a(_clear_bss.o)
 .text.libgcc.builtins
                0x00000000        0x0 c:/program files (x86)/atmel/studio/7.0/toolchain/avr8/avr8-gnu-toolchain/bin/../lib/gcc/avr/5.4.0/avr5\libgcc.a(_clear_bss.o)
 .text.libgcc.fmul
                0x00000000        0x0 c:/program files (x86)/atmel/studio/7.0/toolchain/avr8/avr8-gnu-toolchain/bin/../lib/gcc/avr/5.4.0/avr5\libgcc.a(_clear_bss.o)
 .text.libgcc.fixed
                0x00000000        0x0 c:/program files (x86)/atmel/studio/7.0/toolchain/avr8/avr8-gnu-toolchain/bin/../lib/gcc/avr/5.4.0/avr5\libgcc.a(_clear_bss.o)

Memory Configuration

Name             Origin             Length             Attributes
text             0x00000000         0x00008000         xr
data             0x00800060         0x00000800         rw !x
eeprom           0x00810000         0x00000400         rw !x
fuse             0x00820000         0x00000002         rw !x
lock             0x00830000         0x00000400         rw !x
signature        0x00840000         0x00000400         rw !x
user_signatures  0x00850000         0x00000400         rw !x
*default*        0x00000000         0xffffffff

Linker script and memory map

LOAD C:/Program Files (x86)/Atmel/Studio/7.0/Packs/atmel/ATmega_DFP/1.7.374/gcc/dev/atmega32/avr5/crtatmega32.o
LOAD Comm/I2C/I2C.o
LOAD Comm/Spi/SPI.o
LOAD Comm/UART/UART.o
LOAD HAL/Button/Button.o
LOAD HAL/EEPROM/EEPROM.o
LOAD HAL/ICU/ICU.o
LOAD HAL/keypad/keypad.o
LOAD HAL/SSG/SevenSEG.o
LOAD main.o
LOAD MCAL/ADC/ADC.o
LOAD MCAL/DIO/DIO.o
LOAD MCAL/EXTI/Interrupt.o
LOAD MCAL/Timer/Timer.o
LOAD RTOS/RTOS_program.o
LOAD TIMSU/TMU_program.o
START GROUP
LOAD c:/program files (x86)/atmel/studio/7.0/toolchain/avr8/avr8-gnu-toolchain/bin/../lib/gcc/avr/5.4.0/../../../../avr/lib/avr5\libm.a
END GROUP
START GROUP
LOAD c:/program files (x86)/atmel/studio/7.0/toolchain/avr8/avr8-gnu-toolchain/bin/../lib/gcc/avr/5.4.0/avr5\libgcc.a
LOAD c:/program files (x86)/atmel/studio/7.0/toolchain/avr8/avr8-gnu-toolchain/bin/../lib/gcc/avr/5.4.0/../../../../avr/lib/avr5\libm.a
LOAD c:/program files (x86)/atmel/studio/7.0/toolchain/avr8/avr8-gnu-toolchain/bin/../lib/gcc/avr/5.4.0/../../../../avr/lib/avr5\libc.a
LOAD C:/Program Files (x86)/Atmel/Studio/7.0/Packs/atmel/ATmega_DFP/1.7.374/gcc/dev/atmega32/avr5\libatmega32.a
END GROUP
                0x00000000                __TEXT_REGION_ORIGIN__ = DEFINED (__TEXT_REGION_ORIGIN__)?__TEXT_REGION_ORIGIN__:0x0
                [0x00800060]                __DATA_REGION_ORIGIN__ = DEFINED (__DATA_REGION_ORIGIN__)?__DATA_REGION_ORIGIN__:0x800060
                [0x00008000]                __TEXT_REGION_LENGTH__ = DEFINED (__TEXT_REGION_LENGTH__)?__TEXT_REGION_LENGTH__:0x20000
                [0x00000800]                __DATA_REGION_LENGTH__ = DEFINED (__DATA_REGION_LENGTH__)?__DATA_REGION_LENGTH__:0xffa0
                [0x00000400]                __EEPROM_REGION_LENGTH__ = DEFINED (__EEPROM_REGION_LENGTH__)?__EEPROM_REGION_LENGTH__:0x10000
                [0x00000002]                __FUSE_REGION_LENGTH__ = DEFINED (__FUSE_REGION_LENGTH__)?__FUSE_REGION_LENGTH__:0x400
                0x00000400                __LOCK_REGION_LENGTH__ = DEFINED (__LOCK_REGION_LENGTH__)?__LOCK_REGION_LENGTH__:0x400
                0x00000400                __SIGNATURE_REGION_LENGTH__ = DEFINED (__SIGNATURE_REGION_LENGTH__)?__SIGNATURE_REGION_LENGTH__:0x400
                0x00000400                __USER_SIGNATURE_REGION_LENGTH__ = DEFINED (__USER_SIGNATURE_REGION_LENGTH__)?__USER_SIGNATURE_REGION_LENGTH__:0x400

.hash
 *(.hash)

.dynsym
 *(.dynsym)

.dynstr
 *(.dynstr)

.gnu.version
 *(.gnu.version)

.gnu.version_d
 *(.gnu.version_d)

.gnu.version_r
 *(.gnu.version_r)

.rel.init
 *(.rel.init)

.rela.init
 *(.rela.init)

.rel.text
 *(.rel.text)
 *(.rel.text.*)
 *(.rel.gnu.linkonce.t*)

.rela.text
 *(.rela.text)
 *(.rela.text.*)
 *(.rela.gnu.linkonce.t*)

.rel.fini
 *(.rel.fini)

.rela.fini
 *(.rela.fini)

.rel.rodata
 *(.rel.rodata)
 *(.rel.rodata.*)
 *(.rel.gnu.linkonce.r*)

.rela.rodata
 *(.rela.rodata)
 *(.rela.rodata.*)
 *(.rela.gnu.linkonce.r*)

.rel.data
 *(.rel.data)
 *(.rel.data.*)
 *(.rel.gnu.linkonce.d*)

.rela.data
 *(.rela.data)
 *(.rela.data.*)
 *(.rela.gnu.linkonce.d*)

.rel.ctors
 *(.rel.ctors)

.rela.ctors
 *(.rela.ctors)

.rel.dtors
 *(.rel.dtors)

.rela.dtors
 *(.rela.dtors)

.rel.got
 *(.rel.got)

.rela.got
 *(.rela.got)

.rel.bss
 *(.rel.bss)

.rela.bss
 *(.rela.bss)

.rel.plt
 *(.rel.plt)

.rela.plt
 *(.rela.plt)

.text           0x00000000      0x900
 *(.vectors)
 .vectors       0x00000000       0x54 C:/Program Files (x86)/Atmel/Studio/7.0/Packs/atmel/ATmega_DFP/1.7.374/gcc/dev/atmega32/avr5/crtatmega32.o
                0x00000000                __vector_default
                0x00000000                __vectors
 *(.vectors)
 *(.progmem.gcc*)
                0x00000054                . = ALIGN (0x2)
                0x00000054                __trampolines_start = .
 *(.trampolines)
 .trampolines   0x00000054        0x0 linker stubs
 *(.trampolines*)
                0x00000054                __trampolines_end = .
 *libprintf_flt.a:*(.progmem.data)
 *libc.a:*(.progmem.data)
 *(.progmem*)
                0x00000054                . = ALIGN (0x2)
 *(.jumptables)
 *(.jumptables*)
 *(.lowtext)
 *(.lowtext*)
                0x00000054                __ctors_start = .
 *(.ctors)
                0x00000054                __ctors_end = .
                0x00000054                __dtors_start = .
 *(.dtors)
                0x00000054                __dtors_end = .
 SORT(*)(.ctors)
 SORT(*)(.dtors)
 *(.init0)
 .init0         0x00000054        0x0 C:/Program Files (x86)/Atmel/Studio/7.0/Packs/atmel/ATmega_DFP/1.7.374/gcc/dev/atmega32/avr5/crtatmega32.o
                0x00000054                __init
 *(.init0)
 *(.init1)
 *(.init1)
 *(.init2)
 .init2         0x00000054        0xc C:/Program Files (x86)/Atmel/Studio/7.0/Packs/atmel/ATmega_DFP/1.7.374/gcc/dev/atmega32/avr5/crtatmega32.o
 *(.init2)
 *(.init3)
 *(.init3)
 *(.init4)
 .init4         0x00000060       0x16 c:/program files (x86)/atmel/studio/7.0/toolchain/avr8/avr8-gnu-toolchain/bin/../lib/gcc/avr/5.4.0/avr5\libgcc.a(_copy_data.o)
                0x00000060                __do_copy_data
 .init4         0x00000076       0x10 c:/program files (x86)/atmel/studio/7.0/toolchain/avr8/avr8-gnu-toolchain/bin/../lib/gcc/avr/5.4.0/avr5\libgcc.a(_clear_bss.o)
                0x00000076                __do_clear_bss
 *(.init4)
 *(.init5)
 *(.init5)
 *(.init6)
 *(.init6)
 *(.init7)
 *(.init7)
 *(.init8)
 *(.init8)
 *(.init9)
 .init9         0x00000086        0x8 C:/Program Files (x86)/Atmel/Studio/7.0/Packs/atmel/ATmega_DFP/1.7.374/gcc/dev/atmega32/avr5/crtatmega32.o
 *(.init9)
 *(.text)
 .text          0x0000008e        0x4 C:/Program Files (x86)/Atmel/Studio/7.0/Packs/atmel/ATmega_DFP/1.7.374/gcc/dev/atmega32/avr5/crtatmega32.o
                0x0000008e                __vector_1
                0x0000008e                __vector_12
                0x0000008e                __bad_interrupt
                0x0000008e                __vector_6
                0x0000008e                __vector_3
                0x0000008e                __vector_13
                0x0000008e                __vector_17
                0x0000008e                __vector_19
                0x0000008e                __vector_7
                0x0000008e                __vector_5
                0x0000008e                __vector_4
                0x0000008e                __vector_9
                0x0000008e                __vector_2
                0x0000008e                __vector_15
                0x0000008e                __vector_8
                0x0000008e                __vector_14
                0x0000008e                __vector_18
                0x0000008e                __vector_20
                0x00000092                . = ALIGN (0x2)
 *(.text.*)
 .text.Button_Init
                0x00000092        0xe HAL/Button/Button.o
                0x00000092                Button_Init
 .text.Button_read
                0x000000a0       0x24 HAL/Button/Button.o
                0x000000a0                Button_read
 .text.sev_segment_init
                0x000000c4       0x2a HAL/SSG/SevenSEG.o
                0x000000c4                sev_segment_init
 .text.seven_segment_enable
                0x000000ee       0x3a HAL/SSG/SevenSEG.o
                0x000000ee                seven_segment_enable
 .text.seven_segment_Disable
                0x00000128       0x26 HAL/SSG/SevenSEG.o
                0x00000128                seven_segment_Disable
 .text.seven_segment_write_NO
                0x0000014e       0x42 HAL/SSG/SevenSEG.o
                0x0000014e                seven_segment_write_NO
 .text.two_sev_seg
                0x00000190       0x70 HAL/SSG/SevenSEG.o
                0x00000190                two_sev_seg
 .text.task1    0x00000200       0x4c main.o
                0x00000200                task1
 .text.task2    0x0000024c       0x54 main.o
                0x0000024c                task2
 .text.task3    0x000002a0       0x3c main.o
                0x000002a0                task3
 .text.task4    0x000002dc       0x4c main.o
                0x000002dc                task4
 .text.task5    0x00000328       0x32 main.o
                0x00000328                task5
 .text.task6    0x0000035a       0x30 main.o
                0x0000035a                task6
 .text.main     0x0000038a       0x9a main.o
                0x0000038a                main
 .text.__vector_16
                0x00000424       0xe2 MCAL/ADC/ADC.o
                0x00000424                __vector_16
 .text.DIO_set_pin_direction
                0x00000506       0xf2 MCAL/DIO/DIO.o
                0x00000506                DIO_set_pin_direction
 .text.DIO_set_pin_value
                0x000005f8       0xf2 MCAL/DIO/DIO.o
                0x000005f8                DIO_set_pin_value
 .text.DIO_get_pin_value
                0x000006ea       0x70 MCAL/DIO/DIO.o
                0x000006ea                DIO_get_pin_value
 .text.__vector_11
                0x0000075a       0x52 MCAL/Timer/Timer.o
                0x0000075a                __vector_11
 .text.TMU_Init
                0x000007ac       0x1a TIMSU/TMU_program.o
                0x000007ac                TMU_Init
 .text.TMU_CreateTask
                0x000007c6       0x2c TIMSU/TMU_program.o
                0x000007c6                TMU_CreateTask
 .text.__vector_10
                0x000007f2       0xe2 TIMSU/TMU_program.o
                0x000007f2                __vector_10
 .text.libgcc.div
                0x000008d4       0x28 c:/program files (x86)/atmel/studio/7.0/toolchain/avr8/avr8-gnu-toolchain/bin/../lib/gcc/avr/5.4.0/avr5\libgcc.a(_udivmodhi4.o)
                0x000008d4                __udivmodhi4
                0x000008fc                . = ALIGN (0x2)
 *(.fini9)
 .fini9         0x000008fc        0x0 c:/program files (x86)/atmel/studio/7.0/toolchain/avr8/avr8-gnu-toolchain/bin/../lib/gcc/avr/5.4.0/avr5\libgcc.a(_exit.o)
                0x000008fc                _exit
                0x000008fc                exit
 *(.fini9)
 *(.fini8)
 *(.fini8)
 *(.fini7)
 *(.fini7)
 *(.fini6)
 *(.fini6)
 *(.fini5)
 *(.fini5)
 *(.fini4)
 *(.fini4)
 *(.fini3)
 *(.fini3)
 *(.fini2)
 *(.fini2)
 *(.fini1)
 *(.fini1)
 *(.fini0)
 .fini0         0x000008fc        0x4 c:/program files (x86)/atmel/studio/7.0/toolchain/avr8/avr8-gnu-toolchain/bin/../lib/gcc/avr/5.4.0/avr5\libgcc.a(_exit.o)
 *(.fini0)
                0x00000900                _etext = .

.data           0x00800060        0x0 load address 0x00000900
                0x00800060                PROVIDE (__data_start, .)
 *(.data)
 *(.data*)
 *(.gnu.linkonce.d*)
 *(.rodata)
 *(.rodata*)
 *(.gnu.linkonce.r*)
                0x00800060                . = ALIGN (0x2)
                0x00800060                _edata = .
                0x00800060                PROVIDE (__data_end, .)

.bss            0x00800060       0x30
                0x00800060                PROVIDE (__bss_start, .)
 *(.bss)
 *(.bss*)
 .bss.x         0x00800060        0x1 main.o
 .bss.global_count
                0x00800061        0x1 main.o
 .bss.ADC_ChainSize
                0x00800062        0x1 MCAL/ADC/ADC.o
 .bss.ADC_ChainIndex
                0x00800063        0x1 MCAL/ADC/ADC.o
 .bss.ADC_ChainChannel
                0x00800064        0x2 MCAL/ADC/ADC.o
                0x00800064                ADC_ChainChannel
 .bss.ADC_NotificationFunc
                0x00800066        0x2 MCAL/ADC/ADC.o
 .bss.ADC_State
                0x00800068        0x1 MCAL/ADC/ADC.o
                0x00800068                ADC_State
 .bss.ADC_ConversionResult
                0x00800069        0x2 MCAL/ADC/ADC.o
 .bss.timer0_pCallbackFunc
                0x0080006b        0x2 MCAL/Timer/Timer.o
 .bss.Count_Sch
                0x0080006d        0x2 TIMSU/TMU_program.o
 .bss.Count_ISR
                0x0080006f        0x1 TIMSU/TMU_program.o
 .bss.Num_ISR   0x00800070        0x1 TIMSU/TMU_program.o
 .bss.Tasks     0x00800071       0x1e TIMSU/TMU_program.o
 *(COMMON)
 COMMON         0x0080008f        0x1 MCAL/ADC/ADC.o
                0x0080008f                ADC_ISR_Source
                0x00800090                PROVIDE (__bss_end, .)
                0x00000900                __data_load_start = LOADADDR (.data)
                0x00000900                __data_load_end = (__data_load_start + SIZEOF (.data))

.noinit         0x00800090        0x0
                [!provide]                PROVIDE (__noinit_start, .)
 *(.noinit*)
                [!provide]                PROVIDE (__noinit_end, .)
                0x00800090                _end = .
                [!provide]                PROVIDE (__heap_start, .)

.eeprom         0x00810000        0x0
 *(.eeprom*)
                0x00810000                __eeprom_end = .

.fuse
 *(.fuse)
 *(.lfuse)
 *(.hfuse)
 *(.efuse)

.lock
 *(.lock*)

.signature
 *(.signature*)

.user_signatures
 *(.user_signatures*)

.stab
 *(.stab)

.stabstr
 *(.stabstr)

.stab.excl
 *(.stab.excl)

.stab.exclstr
 *(.stab.exclstr)

.stab.index
 *(.stab.index)

.stab.indexstr
 *(.stab.indexstr)

.comment        0x00000000       0x30
 *(.comment)
 .comment       0x00000000       0x30 HAL/Button/Button.o
                                 0x31 (size before relaxing)
 .comment       0x00000030       0x31 HAL/SSG/SevenSEG.o
 .comment       0x00000030       0x31 main.o
 .comment       0x00000030       0x31 MCAL/ADC/ADC.o
 .comment       0x00000030       0x31 MCAL/DIO/DIO.o
 .comment       0x00000030       0x31 MCAL/Timer/Timer.o
 .comment       0x00000030       0x31 TIMSU/TMU_program.o

.note.gnu.avr.deviceinfo
                0x00000000       0x3c
 .note.gnu.avr.deviceinfo
                0x00000000       0x3c C:/Program Files (x86)/Atmel/Studio/7.0/Packs/atmel/ATmega_DFP/1.7.374/gcc/dev/atmega32/avr5/crtatmega32.o

.note.gnu.build-id
 *(.note.gnu.build-id)

.debug
 *(.debug)

.line
 *(.line)

.debug_srcinfo
 *(.debug_srcinfo)

.debug_sfnames
 *(.debug_sfnames)

.debug_aranges  0x00000000      0x1e8
 *(.debug_aranges)
 .debug_aranges
                0x00000000       0x28 HAL/Button/Button.o
 .debug_aranges
                0x00000028       0x40 HAL/SSG/SevenSEG.o
 .debug_aranges
                0x00000068       0x50 main.o
 .debug_aranges
                0x000000b8       0x48 MCAL/ADC/ADC.o
 .debug_aranges
                0x00000100       0x50 MCAL/DIO/DIO.o
 .debug_aranges
                0x00000150       0x60 MCAL/Timer/Timer.o
 .debug_aranges
                0x000001b0       0x38 TIMSU/TMU_program.o

.debug_pubnames
 *(.debug_pubnames)

.debug_info     0x00000000     0x19ec
 *(.debug_info .gnu.linkonce.wi.*)
 .debug_info    0x00000000      0x4e6 C:/Program Files (x86)/Atmel/Studio/7.0/Packs/atmel/ATmega_DFP/1.7.374/gcc/dev/atmega32/avr5/crtatmega32.o
 .debug_info    0x000004e6      0x17a HAL/Button/Button.o
 .debug_info    0x00000660      0x4f9 HAL/SSG/SevenSEG.o
 .debug_info    0x00000b59      0x55e main.o
 .debug_info    0x000010b7      0x2ac MCAL/ADC/ADC.o
 .debug_info    0x00001363      0x2c6 MCAL/DIO/DIO.o
 .debug_info    0x00001629      0x1e5 MCAL/Timer/Timer.o
 .debug_info    0x0000180e      0x1de TIMSU/TMU_program.o

.debug_abbrev   0x00000000      0xc09
 *(.debug_abbrev)
 .debug_abbrev  0x00000000      0x4a3 C:/Program Files (x86)/Atmel/Studio/7.0/Packs/atmel/ATmega_DFP/1.7.374/gcc/dev/atmega32/avr5/crtatmega32.o
 .debug_abbrev  0x000004a3       0xd7 HAL/Button/Button.o
 .debug_abbrev  0x0000057a      0x162 HAL/SSG/SevenSEG.o
 .debug_abbrev  0x000006dc      0x13a main.o
 .debug_abbrev  0x00000816      0x10b MCAL/ADC/ADC.o
 .debug_abbrev  0x00000921       0xc2 MCAL/DIO/DIO.o
 .debug_abbrev  0x000009e3       0xf6 MCAL/Timer/Timer.o
 .debug_abbrev  0x00000ad9      0x130 TIMSU/TMU_program.o

.debug_line     0x00000000      0xf2e
 *(.debug_line .debug_line.* .debug_line_end)
 .debug_line    0x00000000      0x116 C:/Program Files (x86)/Atmel/Studio/7.0/Packs/atmel/ATmega_DFP/1.7.374/gcc/dev/atmega32/avr5/crtatmega32.o
 .debug_line    0x00000116       0xc8 HAL/Button/Button.o
 .debug_line    0x000001de      0x267 HAL/SSG/SevenSEG.o
 .debug_line    0x00000445      0x28c main.o
 .debug_line    0x000006d1      0x2bb MCAL/ADC/ADC.o
 .debug_line    0x0000098c      0x297 MCAL/DIO/DIO.o
 .debug_line    0x00000c23      0x1c6 MCAL/Timer/Timer.o
 .debug_line    0x00000de9      0x145 TIMSU/TMU_program.o

.debug_frame    0x00000000      0x418
 *(.debug_frame)
 .debug_frame   0x00000000       0x44 HAL/Button/Button.o
 .debug_frame   0x00000044       0x74 HAL/SSG/SevenSEG.o
 .debug_frame   0x000000b8       0x94 main.o
 .debug_frame   0x0000014c       0xbc MCAL/ADC/ADC.o
 .debug_frame   0x00000208       0x84 MCAL/DIO/DIO.o
 .debug_frame   0x0000028c       0xec MCAL/Timer/Timer.o
 .debug_frame   0x00000378       0xa0 TIMSU/TMU_program.o

.debug_str      0x00000000      0x898
 *(.debug_str)
 .debug_str     0x00000000      0x196 C:/Program Files (x86)/Atmel/Studio/7.0/Packs/atmel/ATmega_DFP/1.7.374/gcc/dev/atmega32/avr5/crtatmega32.o
 .debug_str     0x00000196      0x19b HAL/Button/Button.o
                                0x1b4 (size before relaxing)
 .debug_str     0x00000331      0x154 HAL/SSG/SevenSEG.o
                                0x2c6 (size before relaxing)
 .debug_str     0x00000485       0x60 main.o
                                0x29a (size before relaxing)
 .debug_str     0x000004e5      0x18d MCAL/ADC/ADC.o
                                0x2d3 (size before relaxing)
 .debug_str     0x00000672       0x86 MCAL/DIO/DIO.o
                                0x267 (size before relaxing)
 .debug_str     0x000006f8      0x114 MCAL/Timer/Timer.o
                                0x280 (size before relaxing)
 .debug_str     0x0000080c       0x8c TIMSU/TMU_program.o
                                0x220 (size before relaxing)

.debug_loc      0x00000000      0xa64
 *(.debug_loc)
 .debug_loc     0x00000000       0xf8 HAL/Button/Button.o
 .debug_loc     0x000000f8      0x22d HAL/SSG/SevenSEG.o
 .debug_loc     0x00000325       0x73 main.o
 .debug_loc     0x00000398      0x296 MCAL/ADC/ADC.o
 .debug_loc     0x0000062e      0x144 MCAL/DIO/DIO.o
 .debug_loc     0x00000772      0x192 MCAL/Timer/Timer.o
 .debug_loc     0x00000904      0x160 TIMSU/TMU_program.o

.debug_macinfo
 *(.debug_macinfo)

.debug_weaknames
 *(.debug_weaknames)

.debug_funcnames
 *(.debug_funcnames)

.debug_typenames
 *(.debug_typenames)

.debug_varnames
 *(.debug_varnames)

.debug_pubtypes
 *(.debug_pubtypes)

.debug_ranges   0x00000000      0x178
 *(.debug_ranges)
 .debug_ranges  0x00000000       0x18 HAL/Button/Button.o
 .debug_ranges  0x00000018       0x30 HAL/SSG/SevenSEG.o
 .debug_ranges  0x00000048       0x40 main.o
 .debug_ranges  0x00000088       0x38 MCAL/ADC/ADC.o
 .debug_ranges  0x000000c0       0x40 MCAL/DIO/DIO.o
 .debug_ranges  0x00000100       0x50 MCAL/Timer/Timer.o
 .debug_ranges  0x00000150       0x28 TIMSU/TMU_program.o

.debug_macro
 *(.debug_macro)
OUTPUT(AMIT.elf elf32-avr)
LOAD linker stubs
